C:\Users\phung\AppData\Local\Programs\Python\Python312\Lib\site-packages\zmq\_future.py:718: RuntimeWarning: Proactor event loop does not implement add_reader family of methods required for zmq. Registering an additional selector thread for add_reader support via tornado. Use `asyncio.set_event_loop_policy(WindowsSelectorEventLoopPolicy())` to avoid this warning.
  self._get_loop()
[IPKernelApp] WARNING | Kernel is running over TCP without encryption. All communication (including code and outputs) is sent in plain text and is susceptible to eavesdropping. Use IPC transport or launch with kernel manager-provisioned CurveZMQ keys to enable transport encryption.
CELL_START 3 tasks=['nạp thư viện', 'khóa luồng số học'] elapsed=1.9s
CELL_DONE 3 elapsed=5.4s
CELL_START 4 tasks=['cấu hình dự án', 'đường dẫn và chế độ chạy'] elapsed=5.4s
CELL_DONE 4 elapsed=5.5s
CELL_START 5 tasks=['thiết bị và random seed', 'định dạng hình'] elapsed=5.5s
CELL_DONE 5 elapsed=6.8s
CELL_START 6 tasks=['bộ đếm lỗi', 'báo và lưu môi trường'] elapsed=6.8s
     : 5.0 giây đầu (320 mẫu) sau khởi tạo lọc với trạng thái zi = 0
Chuẩn hóa Z-Score     : Tuyệt đối theo tập Train của từng Fold (mu_train, sigma_train), theo train; kiểm tra tách người
Lượng tử hóa          : INT16 đối xứng [-32767, 32767] với thang đo động delta = max(|y|)/32767 theo gói tin
Giao thức Gói tin     : 16 bytes Header (phiên bản, flags, config_id, frame_index, scale_delta, CRC32)
Cấu hình Phân chia    : 5-Fold Subject-Wise Cross Validation (15 đối tượng S1 - S15)
RESUME_IF_CHECKPOINT  : True
FAST_DEBUG            : False
=================================================================
Số luồng PyTorch: 1 | BLAS: [{'user_api': 'blas', 'internal_api': 'openblas', 'num_threads': 1, 'prefix': 'libscipy_openblas', 'filepath': 'C:\\Users\\phung\\AppData\\Local\\Programs\\Python\\Python312\\Lib\\site-packages\\numpy.libs\\libscipy_openblas64_-13e2df515630b4a41f92893938845698.dll', 'version': '0.3.29', 'threading_layer': 'pthreads', 'architecture': 'Haswell'}, {'user_api': 'blas', 'internal_api': 'openblas', 'num_threads': 1, 'prefix': 'libscipy_openblas', 'filepath': 'C:\\Users\\phung\\AppData\\Local\\Programs\\Python\\Python312\\Lib\\site-packages\\scipy.libs\\libscipy_openblas-5b1ec8b915dfb81d11cebc0788069d2d.dll', 'version': '0.3.27.dev', 'threading_layer': 'pthreads', 'architecture': 'Haswell'}, {'user_api': 'openmp', 'internal_api': 'openmp', 'num_threads': 1, 'prefix': 'libiomp', 'filepath': 'C:\\Users\\phung\\AppData\\Local\\Programs\\Python\\Python312\\Lib\\site-packages\\torch\\lib\\libiomp5md.dll', 'version': None}, {'user_api': 'openmp', 'internal_api': 'openmp', 'num_threads': 1, 'prefix': 'libiomp', 'filepath': 'C:\\Users\\phung\\AppData\\Local\\Programs\\Python\\Python312\\Lib\\site-packages\\torch\\lib\\libiompstubs5md.dll', 'version': None}]

CELL_DONE 6 elapsed=6.8s
CELL_START 8 tasks=['nạp dữ liệu gốc', 'xác minh nguồn và số người'] elapsed=6.8s
Kiểm chứng nguồn BVP thô. Đang đọc trực tiếp từ các file pickle PPG-DaLiA: E:/STUDY/DATASET/PPG_FieldStudy

  Đã nạp S1: 589568 mẫu thô

  Đã nạp S2: 525120 mẫu thô

  Đã nạp S3: 559424 mẫu thô

  Đã nạp S4: 585600 mẫu thô

  Đã nạp S5: 595520 mẫu thô

  Đã nạp S6: 336000 mẫu thô

  Đã nạp S7: 597952 mẫu thô

  Đã nạp S8: 517120 mẫu thô

  Đã nạp S9: 547840 mẫu thô

  Đã nạp S10: 681472 mẫu thô

  Đã nạp S11: 579072 mẫu thô

  Đã nạp S12: 506496 mẫu thô

  Đã nạp S13: 584704 mẫu thô

  Đã nạp S14: 573312 mẫu thô

  Đã nạp S15: 508096 mẫu thô

Đã lưu bộ nhớ đệm BVP thô tại D:\IOT\CuoiKy\data\raw_bvp.npz
Kiểm tra tính toàn vẹn: Đầy đủ 15 đối tượng S1-S15 (S1, S2, S3, S4, S5, S6, S7, S8, S9, S10, S11, S12, S13, S14, S15)

CELL_DONE 8 elapsed=125.1s
CELL_START 9 tasks=['thống kê raw', 'hiển thị Bảng 1'] elapsed=125.1s

BẢNG 1: THỐNG KÊ MÔ TẢ TẬP DỮ LIỆU BVP THÔ PPG-DaLiA (15 ĐỐI TƯỢNG)

CELL_DONE 9 elapsed=125.3s
CELL_START 10 tasks=['vẽ Hình 1'] elapsed=125.3s
CELL_DONE 10 elapsed=127.3s
CELL_START 12 tasks=['định nghĩa lọc', 'hàm nạp cache'] elapsed=127.3s
CELL_DONE 12 elapsed=127.4s
CELL_START 13 tasks=['nạp cache đã xác minh', 'thống kê sau lọc'] elapsed=127.4s

BẢNG 1B: THỐNG KÊ MÔ TẢ TÍN HIỆU BVP SAU LỌC NHÂN QUẢ VÀ BỎ QUÁ ĐỘ (15 ĐỐI TƯỢNG)

CELL_DONE 13 elapsed=158.2s
CELL_START 14 tasks=['vẽ Hình 2'] elapsed=158.2s
CELL_DONE 14 elapsed=159.4s
CELL_START 15 tasks=['kiểm toán quá độ trên train', 'hiển thị bảng chi tiết và tổng hợp'] elapsed=159.4s
Khởi tạo lại trên tín hiệu train thật tại 60/120/180s, đối chiếu trạng thái chạy liên tục.
Tiêu chí chẩn đoán công bố: PRD cửa sổ 5–9s sau reset <=1%; đây là kiểm toán hậu nghiệm.

CELL_DONE 15 elapsed=159.5s
CELL_START 17 tasks=['khóa fold và chuẩn hóa', 'hiển thị Bảng 2'] elapsed=159.5s
BẢNG 2: PHÂN CHIA 5-FOLD SUBJECT-WISE VÀ THỐNG KÊ CỬA SỔ DỮ LIỆU

CELL_DONE 17 elapsed=161.2s
CELL_START 18 tasks=['vẽ Hình 3'] elapsed=161.2s
CELL_DONE 18 elapsed=161.9s
CELL_START 19 tasks=['xuất registry', 'hash dữ liệu'] elapsed=161.9s
CELL_DONE 19 elapsed=162.0s
CELL_START 20 tasks=['xử lý trong mục hiện tại'] elapsed=162.0s
--- TIẾN HÀNH KIỂM TRA TÍNH TOÀN VẸN (SANITY CHECKS) ---

-> KẾT QUẢ SANITY CHECKS: TẤT CẢ 5 KIỂM TRA ĐỀU VƯỢT QUA! (ALL PASSED)
Cửa sổ reference không hữu hạn đã ghi nhận: {1: {'train': 0, 'val': 0, 'test': 0}, 2: {'train': 0, 'val': 0, 'test': 0}, 3: {'train': 0, 'val': 0, 'test': 0}, 4: {'train': 0, 'val': 0, 'test': 0}, 5: {'train': 0, 'val': 0, 'test': 0}}

CELL_DONE 20 elapsed=162.7s
CELL_START 22 tasks=['phép chiếu', 'bit packing'] elapsed=162.7s
CELL_DONE 22 elapsed=162.7s
CELL_START 23 tasks=['tạo ba ma trận', 'xuất bin và hash'] elapsed=162.7s
Cấu hình M =  51: Dung lượng Flash = 1632 bytes | SHA256 = bfa128a0d920ebee78f1b69972bb04770fb55bbacae8432568809298744a1c7a
Cấu hình M =  77: Dung lượng Flash = 2464 bytes | SHA256 = b934ee46fb659926acc127aa9bb9a090e7b9b885c1a1f4dc32b884f0af3ea9ed
Cấu hình M = 128: Dung lượng Flash = 4096 bytes | SHA256 = eaaa2ac42a1b7d4c1a051dd2aac0c3424bbdd270dc1e9ad7e03451a893c8aeac

CELL_DONE 23 elapsed=162.8s
CELL_START 24 tasks=['xuất header firmware'] elapsed=162.8s
Đã xuất C header đồng bộ cho ESP32 tại: D:\IOT\CuoiKy\exports\20261005_canonical_lite_verified\cs_matrices.h

CELL_DONE 24 elapsed=162.9s
CELL_START 26 tasks=['làm tròn', 'lượng tử'] elapsed=162.9s
CELL_DONE 26 elapsed=163.0s
CELL_START 27 tasks=['đóng gói', 'kiểm CRC và giải lượng tử'] elapsed=163.0s
CELL_DONE 27 elapsed=163.0s
CELL_START 28 tasks=['sai số cửa sổ mẫu', 'vẽ Hình 4'] elapsed=163.0s
-> Thống kê lượng tử hóa: Sai số tối đa = 0.00002638 (nhỏ hơn Delta = 0.00005278), Cắt biên = 0

CELL_DONE 28 elapsed=164.3s
CELL_START 30 tasks=['DCT chuẩn', 'chọn mẫu train cân bằng'] elapsed=164.3s
-> DCT & SVD Subspace Analysis: Lấy mẫu cân bằng 1350 cửa sổ (150 cửa sổ/subject qua 9 đối tượng train của Fold 1, seed=42)

CELL_DONE 30 elapsed=164.3s
CELL_START 31 tasks=['năng lượng DCT'] elapsed=164.3s
CELL_DONE 31 elapsed=164.4s
CELL_START 32 tasks=['phổ SVD'] elapsed=164.4s
CELL_DONE 32 elapsed=164.5s
CELL_START 33 tasks=['vẽ Hình 5', 'diễn giải giới hạn'] elapsed=164.5s
-> Phân tích độ nén thưa DCT: Cần 12 hệ số để giữ 90% năng lượng, 17 hệ số để giữ 95%, và 29 hệ số để giữ 99% năng lượng tín hiệu PPG.
-> Phân tích không gian con SVD: Hạng hiệu dụng để giữ 90% năng lượng là r=18, 95% là r=24, và 99% là r=36.
   Đây là mô tả năng lượng thực nghiệm trên Train Fold 1; Butterworth không phải bộ lọc cắt lý tưởng.
   r99 < M không tự chứng minh hạng hoặc điều kiện số của Phi trên không gian con, cũng không bảo đảm sai số test.

CELL_DONE 33 elapsed=166.1s
CELL_START 35 tasks=['xử lý trong mục hiện tại'] elapsed=166.1s
-> Kiểm thử đơn vị OMP với QR tăng dần tái trực chuẩn hóa hai lần trên tín hiệu 5-sparse: THÀNH CÔNG!
   PRD = 0.0019% < 1.0% | Điều kiện dừng: 'max_iter' sau 16 vòng lặp.

CELL_DONE 35 elapsed=166.1s
CELL_START 37 tasks=['ConvBlock', 'CNN gốc'] elapsed=166.1s
CELL_DONE 37 elapsed=166.2s
CELL_START 38 tasks=['Linear phụ', 'kiểm tham số và shape'] elapsed=166.2s
Cấu hình CNN 1D M =  51: Số tham số = 34049 | Khớp hoàn toàn đặc tả Bảng 4 Đề cương!
Cấu hình CNN 1D M =  77: Số tham số = 40705 | Khớp hoàn toàn đặc tả Bảng 4 Đề cương!
Cấu hình CNN 1D M = 128: Số tham số = 53761 | Khớp hoàn toàn đặc tả Bảng 4 Đề cương!
Cấu hình Linear Baseline M =  77: Số tham số = 19968 | Khớp hoàn toàn đặc tả Đề cương!

CELL_DONE 38 elapsed=166.4s
CELL_START 39 tasks=['xử lý trong mục hiện tại'] elapsed=166.4s
ResLinCNN_Lite M=51: 18193 tham số; shape/zero-head đúng.
ResLinCNN_Lite M=77: 24849 tham số; shape/zero-head đúng.
ResLinCNN_Lite M=128: 37905 tham số; shape/zero-head đúng.

CELL_DONE 39 elapsed=166.6s
CELL_START 41 tasks=['chỉ số cửa sổ', 'tổng hợp theo người'] elapsed=166.6s
CELL_DONE 41 elapsed=166.7s
CELL_START 42 tasks=['macro', 'giới hạn chỉ số'] elapsed=166.7s
Chỉ số Float64 khi tổng hợp; prediction lỗi được ghi nhận, SNR của tái tạo chính xác là +inf.

CELL_DONE 42 elapsed=166.7s
CELL_START 44 tasks=['ứng viên K', 'hàm chọn validation'] elapsed=166.7s
CELL_DONE 44 elapsed=166.8s
CELL_START 45 tasks=['tuning Fold1'] elapsed=166.8s
Dùng TOÀN BỘ cửa sổ validation; QR path dùng chung giữa các K.
Đang quét siêu tham số K_max trên tập Validation của Fold 1...

  -> Cấu hình M =  51: K_max tối ưu =  8 (Validation Macro-PRD = 72.81%)

  -> Cấu hình M =  77: K_max tối ưu = 16 (Validation Macro-PRD = 45.69%)

  -> Cấu hình M = 128: K_max tối ưu = 64 (Validation Macro-PRD = 4.66%)

CELL_DONE 45 elapsed=357.7s
CELL_START 46 tasks=['vẽ Hình 6'] elapsed=357.7s
CELL_DONE 46 elapsed=358.4s
CELL_START 48 tasks=['kiểm và đọc checkpoint', 'hàm train có provenance'] elapsed=358.4s
CELL_DONE 48 elapsed=358.5s
CELL_START 49 tasks=['đọc lịch sử thật', 'vẽ Hình 7'] elapsed=358.5s
Lịch sử checkpoint thật: 76 epochs; epoch chọn=66; validation PRD=20.3061%

CELL_DONE 49 elapsed=360.8s
CELL_START 50 tasks=['Kiểm tra đủ 45 contract/fingerprint và lịch sử hoàn tất', 'Tái hiện validation trên cache v2 trước test', 'Xuất protocol và nguồn Colab đã cung cấp'] elapsed=360.8s
CANONICAL_LITE fold=1 M=51 seed=11: validation=10.907718% delta=7.77083658e-07 pp

CANONICAL_LITE fold=1 M=51 seed=22: validation=11.153697% delta=9.26952524e-07 pp

CANONICAL_LITE fold=1 M=51 seed=33: validation=10.988163% delta=6.08127793e-07 pp

CANONICAL_LITE fold=1 M=77 seed=11: validation=2.364803% delta=4.49703701e-07 pp

CANONICAL_LITE fold=1 M=77 seed=22: validation=2.589597% delta=5.76226974e-07 pp

CANONICAL_LITE fold=1 M=77 seed=33: validation=2.288842% delta=8.01216972e-07 pp

CANONICAL_LITE fold=1 M=128 seed=11: validation=1.199245% delta=9.04686619e-08 pp

CANONICAL_LITE fold=1 M=128 seed=22: validation=0.950963% delta=2.52915592e-07 pp

CANONICAL_LITE fold=1 M=128 seed=33: validation=1.435537% delta=6.07888373e-08 pp

CANONICAL_LITE fold=2 M=51 seed=11: validation=10.919403% delta=9.70467738e-07 pp

CANONICAL_LITE fold=2 M=51 seed=22: validation=11.012151% delta=5.11405744e-07 pp

CANONICAL_LITE fold=2 M=51 seed=33: validation=10.978965% delta=9.3678257e-07 pp

CANONICAL_LITE fold=2 M=77 seed=11: validation=2.616454% delta=5.88769753e-07 pp

CANONICAL_LITE fold=2 M=77 seed=22: validation=2.458523% delta=6.496629e-07 pp

CANONICAL_LITE fold=2 M=77 seed=33: validation=2.663334% delta=1.43833963e-06 pp

CANONICAL_LITE fold=2 M=128 seed=11: validation=0.988375% delta=2.32893093e-07 pp

CANONICAL_LITE fold=2 M=128 seed=22: validation=1.206559% delta=1.51314868e-07 pp

CANONICAL_LITE fold=2 M=128 seed=33: validation=1.028826% delta=2.27591186e-07 pp

CANONICAL_LITE fold=3 M=51 seed=11: validation=9.050540% delta=2.72723049e-07 pp

CANONICAL_LITE fold=3 M=51 seed=22: validation=9.354440% delta=5.52437514e-07 pp

CANONICAL_LITE fold=3 M=51 seed=33: validation=9.264412% delta=1.36697089e-06 pp

CANONICAL_LITE fold=3 M=77 seed=11: validation=2.244835% delta=2.47643706e-07 pp

CANONICAL_LITE fold=3 M=77 seed=22: validation=2.066536% delta=8.74080788e-07 pp

CANONICAL_LITE fold=3 M=77 seed=33: validation=2.037661% delta=8.44937711e-08 pp

CANONICAL_LITE fold=3 M=128 seed=11: validation=1.239640% delta=1.89190864e-07 pp

CANONICAL_LITE fold=3 M=128 seed=22: validation=0.822721% delta=1.70432013e-07 pp

CANONICAL_LITE fold=3 M=128 seed=33: validation=1.066116% delta=1.47623748e-07 pp

CANONICAL_LITE fold=4 M=51 seed=11: validation=8.632995% delta=6.78340086e-07 pp

CANONICAL_LITE fold=4 M=51 seed=22: validation=9.181317% delta=1.00852002e-08 pp

CANONICAL_LITE fold=4 M=51 seed=33: validation=9.423970% delta=9.20256074e-07 pp

CANONICAL_LITE fold=4 M=77 seed=11: validation=2.014866% delta=3.97889849e-07 pp

CANONICAL_LITE fold=4 M=77 seed=22: validation=2.186128% delta=3.52811805e-07 pp

CANONICAL_LITE fold=4 M=77 seed=33: validation=2.271888% delta=1.38975065e-07 pp

CANONICAL_LITE fold=4 M=128 seed=11: validation=1.250790% delta=8.40035477e-08 pp

CANONICAL_LITE fold=4 M=128 seed=22: validation=1.230462% delta=2.9293056e-08 pp

CANONICAL_LITE fold=4 M=128 seed=33: validation=1.488728% delta=4.90791578e-08 pp

CANONICAL_LITE fold=5 M=51 seed=11: validation=10.174185% delta=1.1441689e-06 pp

CANONICAL_LITE fold=5 M=51 seed=22: validation=9.965732% delta=1.06876689e-06 pp

CANONICAL_LITE fold=5 M=51 seed=33: validation=9.761481% delta=4.87191206e-07 pp

CANONICAL_LITE fold=5 M=77 seed=11: validation=2.488044% delta=8.71181629e-08 pp

CANONICAL_LITE fold=5 M=77 seed=22: validation=2.170394% delta=1.62219115e-07 pp

CANONICAL_LITE fold=5 M=77 seed=33: validation=2.491982% delta=1.05968414e-06 pp

CANONICAL_LITE fold=5 M=128 seed=11: validation=1.822264% delta=3.16376123e-08 pp

CANONICAL_LITE fold=5 M=128 seed=22: validation=1.180454% delta=1.5800713e-07 pp

CANONICAL_LITE fold=5 M=128 seed=33: validation=1.078863% delta=3.43304944e-07 pp

CELL_DONE 50 elapsed=1195.4s
CELL_START 51 tasks=['xử lý trong mục hiện tại'] elapsed=1195.4s
CELL_DONE 51 elapsed=1196.7s
CELL_START 53 tasks=['chuẩn bị đánh giá', 'hàm lưu từng cửa sổ'] elapsed=1196.7s
=================================================================
TIẾN HÀNH ĐÁNH GIÁ THỰC NGHIỆM TRÊN TẬP TEST (15 ĐỐI TƯỢNG)
=================================================================

CELL_DONE 53 elapsed=1196.8s
CELL_START 54 tasks=['OMP validation', 'OMP test và lỗi số học'] elapsed=1196.8s
CELL_DONE 54 elapsed=2331.3s
CELL_START 55 tasks=['CNN test', 'lưu prediction và audit checkpoint'] elapsed=2331.3s
CELL_DONE 55 elapsed=2389.5s
CELL_START 56 tasks=['Linear phụ', 'xuất registry checkpoint'] elapsed=2389.5s

-> Hoàn tất đánh giá toàn bộ thí nghiệm trong 1200.10 giây!
-> Kiểm tra điều kiện số học: NaN = 0, Inf = 0 (thống kê đầu ra đã đánh giá)

CELL_DONE 56 elapsed=2396.8s
CELL_START 57 tasks=['xử lý trong mục hiện tại'] elapsed=2396.8s
ResLinCNN_Lite: kết quả macro chỉ xuất hiện khi đủ 15/15 lượt mỗi M.

CELL_DONE 57 elapsed=3228.9s
CELL_START 58 tasks=['Xuất lịch sử và thiết bị train thực từ checkpoint', 'Đối chiếu đủ 45 kết quả và phạm vi số học'] elapsed=3228.9s
45 lịch sử kết thúc train được kiểm tra; cùng cache v2, fold, chuẩn hóa và quy tắc lượng tử.
Hash phép chiếu Float32 khác môi trường được giữ nguyên; validation tái hiện trong ngưỡng đã công bố, không gọi là bit-exact.
Thời gian train/GPU đọc từ checkpoint và lưu riêng; không dùng GPU Colab so tốc độ với máy khác.

CELL_DONE 58 elapsed=3229.0s
CELL_START 59 tasks=['gắn phạm vi thăm dò vào bảng', 'thống kê lỗi từ đầu ra thật'] elapsed=3229.0s
CELL_DONE 59 elapsed=3229.0s
CELL_START 61 tasks=['xử lý trong mục hiện tại'] elapsed=3229.0s
Đã hoàn thành khảo sát độ nhạy lượng tử hóa Float32 vs INT16 tại M=77!

CELL_DONE 61 elapsed=3257.1s
CELL_START 62 tasks=['xử lý trong mục hiện tại'] elapsed=3257.1s
CELL_DONE 62 elapsed=3304.5s
CELL_START 64 tasks=['tổng hợp người/seed', 'Bảng 8 nền'] elapsed=3304.5s
BẢNG 8 CƠ SỞ OMP–CNN: SO SÁNH CHẤT LƯỢNG TÁI TẠO TỔNG HỢP TRÊN 15 ĐỐI TƯỢNG (PPG-DaLiA)

CELL_DONE 64 elapsed=3304.5s
CELL_START 65 tasks=['Bảng 8B', 'bảng biến thiên seed'] elapsed=3304.5s

BẢNG 8B: SO SÁNH GHÉP CẶP CHI TIẾT TRÊN TỪNG ĐỐI TƯỢNG TẠI M = 77 (GIẢM XẤP XỈ 70% SỐ CHIỀU)


BẢNG BIẾN THIÊN THEO 3 SEED NGẪU NHIÊN CỦA CNN 1D:

CELL_DONE 65 elapsed=3304.5s
CELL_START 66 tasks=['bảng Linear phụ', 'bảng lượng tử'] elapsed=3304.5s

BẢNG ĐỐI CHỨNG MÔ HÌNH TUYẾN TÍNH LINEAR(77, 256) TẠI M = 77 (ĐỀ CƯƠNG BẢNG 7):

-> Linear chỉ là đối chứng phụ tại M=77, seed 11; không suy ra ưu thế chung từ một cấu hình.

BẢNG KHẢO SÁT ĐỘ NHẠY LƯỢNG TỬ HÓA INT16 TẠI M = 77 (SUY LUẬN):

CELL_DONE 66 elapsed=3304.6s
CELL_START 67 tasks=['bảng lỗi số học'] elapsed=3304.6s

BẢNG THỐNG KÊ LỖI VÀ ĐIỀU KIỆN SỐ HỌC (FAILURE STATISTICS - TÍNH ĐỘNG TỪ EXPERIMENT TRACKER):

CELL_DONE 67 elapsed=3305.0s
CELL_START 68 tasks=['kiểm toán conditioning có phạm vi', 'bảng tổng hợp'] elapsed=3305.0s
Condition number 2-norm trên tập cửa sổ chọn trước theo thời gian (không phải toàn bộ test):

CELL_DONE 68 elapsed=3306.3s
CELL_START 69 tasks=['xử lý trong mục hiện tại'] elapsed=3306.3s
BẢNG 8 MỞ RỘNG — LITE ĐÃ KIỂM TOÁN FOLD VÀ NGUỒN TRAIN: OMP–DCT / CNN 1D / RESLINCNN_LITE TẠI M51, M77, M128

CELL_DONE 69 elapsed=3306.4s
CELL_START 71 tasks=['benchmark CPU thật', 'cập nhật Bảng 8'] elapsed=3306.4s
CPU benchmark batch=1; torch_threads= 1 BLAS= [{'user_api': 'blas', 'internal_api': 'openblas', 'num_threads': 1, 'prefix': 'libscipy_openblas', 'filepath': 'C:\\Users\\phung\\AppData\\Local\\Programs\\Python\\Python312\\Lib\\site-packages\\numpy.libs\\libscipy_openblas64_-13e2df515630b4a41f92893938845698.dll', 'version': '0.3.29', 'threading_layer': 'pthreads', 'architecture': 'Haswell'}, {'user_api': 'blas', 'internal_api': 'openblas', 'num_threads': 1, 'prefix': 'libscipy_openblas', 'filepath': 'C:\\Users\\phung\\AppData\\Local\\Programs\\Python\\Python312\\Lib\\site-packages\\scipy.libs\\libscipy_openblas-5b1ec8b915dfb81d11cebc0788069d2d.dll', 'version': '0.3.27.dev', 'threading_layer': 'pthreads', 'architecture': 'Haswell'}, {'user_api': 'openmp', 'internal_api': 'openmp', 'num_threads': 1, 'prefix': 'libiomp', 'filepath': 'C:\\Users\\phung\\AppData\\Local\\Programs\\Python\\Python312\\Lib\\site-packages\\torch\\lib\\libiomp5md.dll', 'version': None}, {'user_api': 'openmp', 'internal_api': 'openmp', 'num_threads': 1, 'prefix': 'libiomp', 'filepath': 'C:\\Users\\phung\\AppData\\Local\\Programs\\Python\\Python312\\Lib\\site-packages\\torch\\lib\\libiompstubs5md.dll', 'version': None}]

BẢNG 8 SAU BENCHMARK CPU THỰC TẾ (CHỈ MODEL CÓ TRỌNG SỐ HỢP LỆ)

CELL_DONE 71 elapsed=3320.4s
CELL_START 72 tasks=['vẽ Hình 8'] elapsed=3320.4s
CELL_DONE 72 elapsed=3320.7s
CELL_START 74 tasks=['xử lý trong mục hiện tại'] elapsed=3320.7s
BẢNG 6: HẠCH TOÁN TỶ LỆ NÉN VÀ BĂNG THÔNG TRUYỀN DẪN THEO BẢNG 6 ĐỀ CƯƠNG

M=77 giảm 37.5 % byte ứng dụng luồng H=128; chưa đo lưu lượng Wi-Fi/BLE.

CELL_DONE 74 elapsed=3321.2s
CELL_START 75 tasks=['tính byte đoạn hữu hạn', 'hiển thị giả định và bảng'] elapsed=3321.2s
Bảng suy ra từ độ dài dữ liệu thật và đặc tả INT16/header16; không phải đo radio.

CELL_DONE 75 elapsed=3321.2s
CELL_START 77 tasks=['xử lý trong mục hiện tại'] elapsed=3321.2s
Trạng thái phiên: MEASURED | Actual raw-stream HIL measured
Session: 20261005T104005Z_7611453d
Device encoder_us starts after normalization and ends after packet/CRC; excludes UART, filtering and normalization. Trace and 32 warmup frames/M excluded.

CELL_DONE 77 elapsed=3683.0s
CELL_START 78 tasks=['xử lý trong mục hiện tại'] elapsed=3683.0s
CELL_DONE 78 elapsed=3683.0s
CELL_START 79 tasks=['xử lý trong mục hiện tại'] elapsed=3683.0s
Kiểm chứng nguyên gói từng byte và CRC hợp lệ là hai phép kiểm tra riêng.

CELL_DONE 79 elapsed=3683.0s
CELL_START 80 tasks=['xử lý trong mục hiện tại'] elapsed=3683.0s
Cửa sổ HIL thật: OMP PRD=31.2510%; CNN PRD=13.3588% (không đại diện macro 15 người)

CELL_DONE 80 elapsed=3683.1s
CELL_START 81 tasks=['xử lý trong mục hiện tại'] elapsed=3683.1s
Cửa sổ HIL ResLinCNN_Lite: PRD=1.1777% (không đại diện macro15 người)

CELL_DONE 81 elapsed=3683.1s
CELL_START 82 tasks=['xử lý trong mục hiện tại'] elapsed=3683.1s
CELL_DONE 82 elapsed=3683.4s
CELL_START 83 tasks=['tổng hợp thời gian pipeline từ phép đo thật', 'kiểm đếm byte UART thực'] elapsed=3683.4s
Đo pipeline replay UART có ghi log/debug; không gồm chờ thu cửa sổ 4s, không phải độ trễ radio.
Host raw→Lite bao gồm truyền chunk, lọc/chuẩn hóa/mã hóa trên bo, nhận/kiểm CRC và decoder CPU.

CELL_DONE 83 elapsed=3683.4s
CELL_START 85 tasks=['chọn cửa sổ theo quy tắc cố định', 'lấy prediction ghép cặp'] elapsed=3683.4s
CELL_DONE 85 elapsed=3683.5s
CELL_START 86 tasks=['vẽ Hình 10'] elapsed=3683.5s
CELL_DONE 86 elapsed=3684.5s
CELL_START 88 tasks=['xử lý trong mục hiện tại'] elapsed=3684.5s
CELL_DONE 88 elapsed=3685.0s
CELL_START 89 tasks=['xử lý trong mục hiện tại'] elapsed=3685.0s
CELL_DONE 89 elapsed=3685.3s
CELL_START 90 tasks=['xử lý trong mục hiện tại'] elapsed=3685.3s
CELL_DONE 90 elapsed=3685.6s
CELL_START 92 tasks=['Bảng mục tiêu đề cương'] elapsed=3685.6s
BẢNG ĐÁNH GIÁ 4 CHỈ TIÊU KỸ THUẬT THEO KẾT QUẢ HIỆN TẠI

CELL_DONE 92 elapsed=3685.6s
CELL_START 93 tasks=['nhận xét kết quả gốc', 'lưu findings'] elapsed=3685.6s
BÁO CÁO KẾT QUẢ OMP–DCT VÀ CNN 1D (MACRO TRÊN 15 ĐỐI TƯỢNG)
M=51: OMP=69.4079%; CNN=22.0243%; CNN thấp hơn OMP.
M=77: OMP=43.0111%; CNN=19.7281%; CNN thấp hơn OMP.
M=128: OMP=4.2463%; CNN=19.7758%; OMP thấp hơn CNN.
M=77: mức giảm PRD macro tương đối=54.1326%.
CPU M=77: OMP p50=0.3445 ms; CNN p50=0.2267 ms.
Không đạt mục tiêu hoặc CNN kém OMP vẫn là kết quả hợp lệ; không đổi cấu hình theo test.

CELL_DONE 93 elapsed=3685.7s
CELL_START 94 tasks=['Bảng mục tiêu Lite thăm dò'] elapsed=3685.7s
CELL_DONE 94 elapsed=3685.7s
CELL_START 95 tasks=['phân tích sai số waveform đã chọn', 'diễn giải kết quả và giới hạn'] elapsed=3685.7s
M=51: OMP=69.4079%, CNN=22.0243%, ResLinCNN_Lite=10.0624%.
M=77: OMP=43.0111%, CNN=19.7281%, ResLinCNN_Lite=2.3297%.
M=128: OMP=4.2463%, CNN=19.7758%, ResLinCNN_Lite=1.1921%.
OMP cải thiện mạnh khi M tăng; mô tả DCT train hỗ trợ giả thuyết đủ thông tin đo, chưa chứng minh nguyên nhân nhân quả.
CNN không cải thiện tương ứng: có thể liên quan kiến trúc/huấn luyện/khác biệt theo người; chưa có ablation đủ để kết luận nguyên nhân.
Lite được kiểm tra trên cùng cache v2/fold/chuẩn hóa/protocol. Kiến trúc được bổ sung sau khi test gốc đã được xem; chưa có ablation cô lập nguyên nhân cải thiện.

CELL_DONE 95 elapsed=3685.7s
CELL_START 97 tasks=['xuất các bảng kết quả'] elapsed=3685.7s
CELL_DONE 97 elapsed=3685.8s
CELL_START 98 tasks=['tạo manifest cấu hình', 'xuất manifest'] elapsed=3685.8s
=================================================================
XUẤT TOÀN BỘ KẾT QUẢ THÀNH CÔNG:
  1. Kết quả bảng số liệu : D:\IOT\CuoiKy\results\20261005_canonical_lite_verified (*.csv)
  2. Cấu hình hệ thống   : D:\IOT\CuoiKy\exports\20261005_canonical_lite_verified/config_manifest.json (15 config_id mapping)
  3. Hình vẽ chất lượng cao: D:\IOT\CuoiKy\figures\20261005_canonical_lite_verified (*.png)
=================================================================

CELL_DONE 98 elapsed=3685.8s
CELL_START 99 tasks=['xuất bảng mục tiêu và tham chiếu', 'provenance nền'] elapsed=3685.8s
CELL_DONE 99 elapsed=3685.9s
CELL_START 100 tasks=['manifest Lite', 'provenance mở rộng'] elapsed=3685.9s
CELL_DONE 100 elapsed=3685.9s
CELL_START 101 tasks=['Xuất manifest cache v2, 45 fingerprint/history và phép đo phần cứng'] elapsed=3685.9s
45 trọng số giữ nguyên; prediction, validation và phần cứng đều có dữ liệu thực và provenance.

CELL_DONE 101 elapsed=3686.0s
COMPLETE 78 cells 3687.213791099959 seconds
